// Jest Snapshot v1, https://goo.gl/fbAQLP

exports[`<AddBudgetItem /> with no props should match the snapshot 1`] = `"<form class=\\"formBody\\" data-tut=\\"reactour__transactionList\\"><div style=\\"border:solid 2px black;border-radius:9px\\" class=\\"ui input input\\"><input type=\\"text\\" id=\\"budgetItem\\" value=\\"\\" placeholder=\\"budget item\\" required=\\"\\"/></div><div style=\\"border:solid 2px black;border-radius:9px\\" class=\\"ui left icon input input\\"><input type=\\"text\\" id=\\"amount\\" value=\\"0\\" placeholder=\\"amount\\" pattern=\\"[0-9.]+\\" required=\\"\\"/><i aria-hidden=\\"true\\" class=\\"dollar sign icon\\"></i></div><button type=\\"submit\\" data-selected=\\"true\\" data-label-id=\\"0\\" class=\\"ui primary button\\">Submit</button></form>"`;
